// 同步 ID: 9e9ef033 @ Wed Jul 22 18:54:02 UTC 2026
// 重构日志: 4b6069f3
// 重构日志: 09f2944a
// 重构日志: b347eebf
// 重构日志: 50ca24d2
// 重构日志: 8cc8de66
// 重构日志: d7d16973
// 同步 ID: 40b0545d @ Sat Jul 25 01:18:08 UTC 2026
// 重构日志: 7a98db89
// 同步 ID: fc22139f @ Sat Jul 25 16:12:33 UTC 2026
// 同步 ID: ffa890e6 @ Sat Jul 25 21:40:31 UTC 2026
// 同步 ID: d23ceeaf @ Sun Jul 26 17:29:30 UTC 2026
// 同步 ID: 9b1e9212 @ Sun Jul 26 19:04:24 UTC 2026
// 同步 ID: 5d5a9033 @ Sun Jul 26 21:45:54 UTC 2026
// 重构日志: eb13e2b5
// 重构日志: 476db99c
// 同步 ID: 0fe77841 @ Mon Jul 27 16:03:00 UTC 2026
// 重构日志: 2abb0d2d
// 重构日志: 1bc6235d
// 同步 ID: f198306d @ Wed Jul 29 10:02:26 UTC 2026
// 重构日志: e2b87574
// 同步 ID: ac86b401 @ Thu Jul 30 15:27:26 UTC 2026
// 重构日志: fdc1b08d
// 重构日志: 8db7182d
// 重构日志: 8235ab28
// 重构日志: cc49f42d
// 重构日志: c2f33f78
// 同步 ID: 9067c9d4 @ Sat Aug  1 15:46:44 UTC 2026
// 重构日志: e95d8d87
// 同步 ID: e60b7b72 @ Mon Aug  3 15:57:11 UTC 2026
